Atualizando dependencias do Volume...
Requirement already satisfied: flask in .\.venv\Lib\site-packages (from -r C:\Volume\shipping_ai\requirements.txt (line 1)) (3.1.3)
Requirement already satisfied: pandas in .\.venv\Lib\site-packages (from -r C:\Volume\shipping_ai\requirements.txt (line 2)) (3.0.5)
Requirement already satisfied: openpyxl in .\.venv\Lib\site-packages (from -r C:\Volume\shipping_ai\requirements.txt (line 3)) (3.1.5)
Requirement already satisfied: pypdf in .\.venv\Lib\site-packages (from -r C:\Volume\shipping_ai\requirements.txt (line 4)) (6.14.2)
Requirement already satisfied: waitress in .\.venv\Lib\site-packages (from -r C:\Volume\shipping_ai\requirements.txt (line 5)) (3.0.2)
Requirement already satisfied: cryptography in .\.venv\Lib\site-packages (from -r C:\Volume\shipping_ai\requirements.txt (line 6)) (49.0.0)
Requirement already satisfied: blinker>=1.9.0 in .\.venv\Lib\site-packages (from flask->-r C:\Volume\shipping_ai\requirements.txt (line 1)) (1.9.0)
Requirement already satisfied: click>=8.1.3 in .\.venv\Lib\site-packages (from flask->-r C:\Volume\shipping_ai\requirements.txt (line 1)) (8.4.2)
Requirement already satisfied: itsdangerous>=2.2.0 in .\.venv\Lib\site-packages (from flask->-r C:\Volume\shipping_ai\requirements.txt (line 1)) (2.2.0)
Requirement already satisfied: jinja2>=3.1.2 in .\.venv\Lib\site-packages (from flask->-r C:\Volume\shipping_ai\requirements.txt (line 1)) (3.1.6)
Requirement already satisfied: markupsafe>=2.1.1 in .\.venv\Lib\site-packages (from flask->-r C:\Volume\shipping_ai\requirements.txt (line 1)) (3.0.3)
Requirement already satisfied: werkzeug>=3.1.0 in .\.venv\Lib\site-packages (from flask->-r C:\Volume\shipping_ai\requirements.txt (line 1)) (3.1.8)
Requirement already satisfied: numpy>=2.3.3 in .\.venv\Lib\site-packages (from pandas->-r C:\Volume\shipping_ai\requirements.txt (line 2)) (2.5.1)
Requirement already satisfied: python-dateutil>=2.8.2 in .\.venv\Lib\site-packages (from pandas->-r C:\Volume\shipping_ai\requirements.txt (line 2)) (2.9.0.post0)
Requirement already satisfied: tzdata in .\.venv\Lib\site-packages (from pandas->-r C:\Volume\shipping_ai\requirements.txt (line 2)) (2026.3)
Requirement already satisfied: et-xmlfile in .\.venv\Lib\site-packages (from openpyxl->-r C:\Volume\shipping_ai\requirements.txt (line 3)) (2.0.0)
Requirement already satisfied: cffi>=2.0.0 in .\.venv\Lib\site-packages (from cryptography->-r C:\Volume\shipping_ai\requirements.txt (line 6)) (2.1.0)
Requirement already satisfied: pycparser in .\.venv\Lib\site-packages (from cffi>=2.0.0->cryptography->-r C:\Volume\shipping_ai\requirements.txt (line 6)) (3.0)
Requirement already satisfied: colorama in .\.venv\Lib\site-packages (from click>=8.1.3->flask->-r C:\Volume\shipping_ai\requirements.txt (line 1)) (0.4.6)
Requirement already satisfied: six>=1.5 in .\.venv\Lib\site-packages (from python-dateutil>=2.8.2->pandas->-r C:\Volume\shipping_ai\requirements.txt (line 2)) (1.17.0)
Iniciando Volume em http://volume.local:6100
Bind interno: http://0.0.0.0:6100
